> Task :checkKotlinGradlePluginConfigurationErrors
> Task :compileKotlin UP-TO-DATE
> Task :compileJava NO-SOURCE
> Task :processResources UP-TO-DATE
> Task :classes UP-TO-DATE

> Task :run
[Server] Starting Housora AI server on port 8081...
2026-07-29 01:16:23.015 [main] INFO  ktor.application - Autoreload is disabled because the development mode is off.
[Server] Configuring routing...
[Server] Housora AI server is ready.
2026-07-29 01:16:28.235 [main] INFO  ktor.application - Application started in 5.442 seconds.
2026-07-29 01:16:31.438 [DefaultDispatcher-worker-1] INFO  ktor.application - Responding at http://127.0.0.1:8081
[Website] Initializing website URL configuration...
[Website] OK: Website URL: https://housora.pages.dev
[Clerk] Initializing Clerk configuration...
[Clerk] OK: Publishable key loaded (test mode): pk_test_c3VwcmVtZS1x...
[Clerk] OK: Secret key loaded (sk_test_...)
[Clerk] OK: JWT issuer domain: https://supreme-quail-83.clerk.accounts.dev
[Convex] Initializing Convex configuration...
[Convex] OK: Convex URL loaded: https://neat-mongoose-82.conve...
[Whop] Initializing Whop configuration...
[Whop] OK: Whop API key loaded (apik_ARwpULM...)
[Whop] OK: Webhook secret loaded (ws_d2c61...)
[Whop] OK: 8 plan IDs loaded.

> Task :run FAILED

Deprecated Gradle features were used in this build, making it incompatible with Gradle 9.0.

You can use '--warning-mode all' to show the individual deprecation warnings and determine if they come from your own scripts or plugins.

For more on this, please refer to https://docs.gradle.org/8.5/userguide/command_line_interface.html#sec:command_line_warnings in the Gradle documentation.
4 actionable tasks: 2 executed, 2 up-to-date
